[www.thewarroomcharity.com/index.html]
[backblue.gif]
[fade.gif]
[index.html]
[www.thewarroomcharity.com/favicon.ico]
[www.thewarroomcharity.com/js/dist/site_style.bundle683e.css]
[www.thewarroomcharity.com/js/dist/published_site_section_style_header_shared.bundle683e.css]
[www.thewarroomcharity.com/js/dist/published_site_section_style_controls_languageswitch.bundle683e.css]
[www.thewarroomcharity.com/js/dist/published_site_section_style_footer_shared.bundle683e.css]
[www.thewarroomcharity.com/js/dist/published_site_section_style_banner_shared.bundle683e.css]
[www.thewarroomcharity.com/js/dist/published_site_section_style_banner_2.bundle683e.css]
[www.thewarroomcharity.com/js/dist/published_site_section_style_gallery_shared.bundle683e.css]
[www.thewarroomcharity.com/js/plugins/swiper/swiper.7.2.0.min.css]
[www.thewarroomcharity.com/js/dist/modal_style.bundle683e.css]
[www.thewarroomcharity.com/who-we-are.html]
[www.thewarroomcharity.com/contact-us.html]
[www.thewarroomcharity.com/gallery.html]
[www.thewarroomcharity.com/remote/videoProxy466b.cfc]
[site-7uggbben.wsecdn1.websitecdn.com/uploads/0486bef44e204843925e944a99750b6eecd2.jpg]
[site-7uggbben.wsecdn1.websitecdn.com/uploads/b85e62cc50b843b3b48667e0bb5c4afdecd2.png]
[www.thewarroomcharity.com/get-involved.html]
[site-7uggbben.wsecdn1.websitecdn.com/uploads/d1ecb635f97f4db6849bae30df890e27ecd2.jpg]
[site-7uggbben.wsecdn1.websitecdn.com/uploads/dcb24f0914d74090b4730f0fd623f0b0ecd2.jpg]
[site-7uggbben.wsecdn1.websitecdn.com/uploads/60a8c08d18024a23a1b25c3052566ccbecd2.jpg]
[site-7uggbben.wsecdn1.websitecdn.com/uploads/4ddc843baa304a939269796394e70f27ecd2.png]
[www.thewarroomcharity.com/js/dist/published_site.bundle683e.js]
[www.thewarroomcharity.com/js/dist/cart.bundle683e.js]
[www.thewarroomcharity.com/js/dist/carousel.bundle683e.js]
[www.thewarroomcharity.com/js/dist/modal.bundle683e.js]
[www.thewarroomcharity.com/index.html]
[www.thewarroomcharity.com/js/dist/site_style.bundle683e.css]
[www.thewarroomcharity.com/js/dist/published_site_section_style_header_shared.bundle683e.css]
[www.thewarroomcharity.com/js/dist/published_site_section_style_controls_languageswitch.bundle683e.css]
[www.thewarroomcharity.com/js/dist/published_site_section_style_footer_shared.bundle683e.css]
[www.thewarroomcharity.com/js/dist/published_site_section_style_banner_shared.bundle683e.css]
[www.thewarroomcharity.com/js/dist/published_site_section_style_banner_2.bundle683e.css]
[www.thewarroomcharity.com/js/dist/published_site_section_style_gallery_shared.bundle683e.css]
[www.thewarroomcharity.com/js/plugins/swiper/swiper.7.2.0.min.css]
[www.thewarroomcharity.com/js/dist/modal_style.bundle683e.css]
[www.thewarroomcharity.com/js/dist/published_site_section_style_banner_1.bundle683e.css]
[www.thewarroomcharity.com/who-we-are.html]
[www.thewarroomcharity.com/js/dist/published_site_section_style_controls_contactform.bundle683e.css]
[www.thewarroomcharity.com/contact-us.html]
[site-7uggbben.wsecdn1.websitecdn.com/uploads/0b4adc0afe7946f3a7dbf226ad3db2b5ecd2.jpg]
[site-7uggbben.wsecdn1.websitecdn.com/uploads/b10a1eab768246b2930e3f45a36f3828ecd2.jpg]
[site-7uggbben.wsecdn1.websitecdn.com/uploads/4aacf4c6a9a245e9861c8a78533d4632ecd2.jpg]
[site-7uggbben.wsecdn1.websitecdn.com/uploads/158528fefa9c4316826b320e56d85ac1ecd2.jpg]
[site-7uggbben.wsecdn1.websitecdn.com/uploads/461c7729a9734e1c9487f9256c48c67fecd2.jpg]
[site-7uggbben.wsecdn1.websitecdn.com/uploads/659cdc29a675461092bfea930e1c94c9ecd2.jpg]
[site-7uggbben.wsecdn1.websitecdn.com/uploads/f2850229d2dd4a3abdc0908435ff0d55ecd2.jpg]
[site-7uggbben.wsecdn1.websitecdn.com/uploads/204c77bb598440ea9f52922d4bbc113fecd2.jpg]
[www.thewarroomcharity.com/gallery.html]
[www.thewarroomcharity.com/get-involved.html]
[site-7uggbben.wsecdn1.websitecdn.com/uploads/b85e62cc50b843b3b48667e0bb5c4afdecd2.png]
[site-7uggbben.wsecdn1.websitecdn.com/uploads/4ddc843baa304a939269796394e70f27ecd2.png]
[www.thewarroomcharity.com/js/dist/published_site_section_style_banner_1.bundle683e.css]
[www.thewarroomcharity.com/#.html]
[www.thewarroomcharity.com/style/intlTelInput.css]
[www.thewarroomcharity.com/js/dist/published_site_section_style_controls_contactform.bundle683e.css]
[site-7uggbben.wsecdn1.websitecdn.com/uploads/0b4adc0afe7946f3a7dbf226ad3db2b5ecd2.jpg]
[site-7uggbben.wsecdn1.websitecdn.com/uploads/4aacf4c6a9a245e9861c8a78533d4632ecd2.jpg]
[site-7uggbben.wsecdn1.websitecdn.com/uploads/659cdc29a675461092bfea930e1c94c9ecd2.jpg]
[site-7uggbben.wsecdn1.websitecdn.com/uploads/f2850229d2dd4a3abdc0908435ff0d55ecd2.jpg]
[site-7uggbben.wsecdn1.websitecdn.com/uploads/204c77bb598440ea9f52922d4bbc113fecd2.jpg]
[www.thewarroomcharity.com/img/flags.png]
[www.thewarroomcharity.com/img/flags@2x.png]
[www.thewarroomcharity.com/img/globe.png]
[www.thewarroomcharity.com/style/intlTelInput.css]
